exports[`weatherCardListReducer should return the initial state 1`] = `Object {}`;
